<p>Here is a piece of fenced PHP code</p>
<pre class="shiki highlighted added deleted focus" style="background-color: #2e3440ff"><code><span class="line"><span style="color:#81A1C1">&lt;?</span><span style="color:#D8DEE9FF">php</span></span>
<span class="line add"><span style="color:#81A1C1">echo</span><span style="color:#D8DEE9FF"> </span><span style="color:#ECEFF4">&quot;</span><span style="color:#A3BE8C">This is an added line</span><span style="color:#ECEFF4">&quot;</span><span style="color:#81A1C1">;</span></span>
<span class="line del"><span style="color:#81A1C1">echo</span><span style="color:#D8DEE9FF"> </span><span style="color:#ECEFF4">&quot;</span><span style="color:#A3BE8C">This is a deleted line</span><span style="color:#ECEFF4">&quot;</span><span style="color:#81A1C1">;</span></span>
<span class="line highlight"><span style="color:#81A1C1">echo</span><span style="color:#D8DEE9FF"> </span><span style="color:#ECEFF4">&quot;</span><span style="color:#A3BE8C">We will highlight line 4</span><span style="color:#ECEFF4">&quot;</span><span style="color:#81A1C1">;</span></span>
<span class="line highlight"><span style="color:#81A1C1">echo</span><span style="color:#D8DEE9FF"> </span><span style="color:#ECEFF4">&quot;</span><span style="color:#A3BE8C">We will highlight line 5</span><span style="color:#ECEFF4">&quot;</span><span style="color:#81A1C1">;</span></span>
<span class="line focus"><span style="color:#81A1C1">echo</span><span style="color:#D8DEE9FF"> </span><span style="color:#ECEFF4">&quot;</span><span style="color:#A3BE8C">We will focus line 6</span><span style="color:#ECEFF4">&quot;</span><span style="color:#81A1C1">;</span></span>
<span class="line focus"><span style="color:#81A1C1">echo</span><span style="color:#D8DEE9FF"> </span><span style="color:#ECEFF4">&quot;</span><span style="color:#A3BE8C">We will focus line 7</span><span style="color:#ECEFF4">&quot;</span><span style="color:#81A1C1">;</span></span>
<span class="line"></span></code></pre>
